<?xml version="1.0" encoding="utf-8"?>
<?AutomationStudio Version="4.5.2.102"?>
<Objects>
  <Object
    Path="C:\Users\admin\Desktop\votetivot_9.10.2019_18.05\Logical\Package.pkg"
    LogicalPath=""
    Type="Package.ParentUnknown"
    LastWriteTime="132149963813656218" />
  <Object
    Path="C:\Users\admin\Desktop\votetivot_9.10.2019_18.05\Logical\Global.typ"
    LogicalPath="Global.typ"
    Type="File"
    LastWriteTime="131200402240000000"
    Private="false" />
  <Object
    Path="C:\Users\admin\Desktop\votetivot_9.10.2019_18.05\Logical\Global.var"
    LogicalPath="Global.var"
    Type="File"
    LastWriteTime="131485707380000000"
    Private="false" />
  <Object
    Path="C:\Users\admin\Desktop\votetivot_9.10.2019_18.05\Logical\Libraries\Package.pkg"
    LogicalPath="Libraries"
    Type="Package"
    LastWriteTime="132149960362104776" />
  <Object
    Path="C:\Users\admin\Desktop\votetivot_9.10.2019_18.05\Logical\Libraries\Runtime\Binary.lby"
    LogicalPath="Libraries.Runtime"
    Type="Library"
    LastWriteTime="131091583340000000" />
  <Object
    Path="C:\Users\admin\Desktop\votetivot_9.10.2019_18.05\Logical\Libraries\Runtime\runtime.fun"
    LogicalPath="Libraries.Runtime.runtime.fun"
    Type="File"
    LastWriteTime="131091583340000000"
    Private="false" />
  <Object
    Path="C:\Users\admin\Desktop\votetivot_9.10.2019_18.05\Logical\Libraries\Runtime\runtime.typ"
    LogicalPath="Libraries.Runtime.runtime.typ"
    Type="File"
    LastWriteTime="131091583340000000"
    Private="false" />
  <Object
    Path="C:\Users\admin\Desktop\votetivot_9.10.2019_18.05\Logical\Libraries\Runtime\runtime.var"
    LogicalPath="Libraries.Runtime.runtime.var"
    Type="File"
    LastWriteTime="131091583340000000"
    Private="false" />
  <Object
    Path="C:\Users\admin\Desktop\votetivot_9.10.2019_18.05\Logical\Libraries\Operator\Binary.lby"
    LogicalPath="Libraries.Operator"
    Type="Library"
    LastWriteTime="131091583340000000" />
  <Object
    Path="C:\Users\admin\Desktop\votetivot_9.10.2019_18.05\Logical\Libraries\Operator\operator.fun"
    LogicalPath="Libraries.Operator.operator.fun"
    Type="File"
    LastWriteTime="131091583340000000"
    Private="false" />
  <Object
    Path="C:\Users\admin\Desktop\votetivot_9.10.2019_18.05\Logical\Libraries\Operator\operator.typ"
    LogicalPath="Libraries.Operator.operator.typ"
    Type="File"
    LastWriteTime="131091583340000000"
    Private="false" />
  <Object
    Path="C:\Users\admin\Desktop\votetivot_9.10.2019_18.05\Logical\Libraries\Operator\operator.var"
    LogicalPath="Libraries.Operator.operator.var"
    Type="File"
    LastWriteTime="131091583340000000"
    Private="false" />
  <Object
    Path="C:\Users\admin\Desktop\votetivot_9.10.2019_18.05\Logical\Libraries\AsIecCon\Binary.lby"
    LogicalPath="Libraries.AsIecCon"
    Type="Library"
    LastWriteTime="131091583340000000" />
  <Object
    Path="C:\Users\admin\Desktop\votetivot_9.10.2019_18.05\Logical\Libraries\AsIecCon\AsIecCon.fun"
    LogicalPath="Libraries.AsIecCon.AsIecCon.fun"
    Type="File"
    LastWriteTime="131091583340000000"
    Private="false" />
  <Object
    Path="C:\Users\admin\Desktop\votetivot_9.10.2019_18.05\Logical\Libraries\AsIecCon\AsIecCon.typ"
    LogicalPath="Libraries.AsIecCon.AsIecCon.typ"
    Type="File"
    LastWriteTime="131091583340000000"
    Private="false" />
  <Object
    Path="C:\Users\admin\Desktop\votetivot_9.10.2019_18.05\Logical\Libraries\AsIecCon\AsIecCon.var"
    LogicalPath="Libraries.AsIecCon.AsIecCon.var"
    Type="File"
    LastWriteTime="131091583340000000"
    Private="false" />
  <Object
    Path="C:\Users\admin\Desktop\votetivot_9.10.2019_18.05\Logical\Libraries\astime\Binary.lby"
    LogicalPath="Libraries.astime"
    Type="Library"
    LastWriteTime="131091583340000000" />
  <Object
    Path="C:\Users\admin\Desktop\votetivot_9.10.2019_18.05\Logical\Libraries\astime\astime.fun"
    LogicalPath="Libraries.astime.astime.fun"
    Type="File"
    LastWriteTime="131091583340000000"
    Private="false" />
  <Object
    Path="C:\Users\admin\Desktop\votetivot_9.10.2019_18.05\Logical\Libraries\astime\astime.typ"
    LogicalPath="Libraries.astime.astime.typ"
    Type="File"
    LastWriteTime="131091583340000000"
    Private="false" />
  <Object
    Path="C:\Users\admin\Desktop\votetivot_9.10.2019_18.05\Logical\Libraries\astime\astime.var"
    LogicalPath="Libraries.astime.astime.var"
    Type="File"
    LastWriteTime="131091583340000000"
    Private="false" />
  <Object
    Path="C:\Users\admin\Desktop\votetivot_9.10.2019_18.05\Logical\Libraries\sys_lib\Binary.lby"
    LogicalPath="Libraries.sys_lib"
    Type="Library"
    LastWriteTime="131194348100000000" />
  <Object
    Path="C:\Users\admin\Desktop\votetivot_9.10.2019_18.05\Logical\Libraries\sys_lib\sys_lib.fun"
    LogicalPath="Libraries.sys_lib.sys_lib.fun"
    Type="File"
    LastWriteTime="131194348100000000"
    Private="false" />
  <Object
    Path="C:\Users\admin\Desktop\votetivot_9.10.2019_18.05\Logical\Libraries\sys_lib\sys_lib.typ"
    LogicalPath="Libraries.sys_lib.sys_lib.typ"
    Type="File"
    LastWriteTime="131194348100000000"
    Private="false" />
  <Object
    Path="C:\Users\admin\Desktop\votetivot_9.10.2019_18.05\Logical\Libraries\sys_lib\sys_lib.var"
    LogicalPath="Libraries.sys_lib.sys_lib.var"
    Type="File"
    LastWriteTime="131194348100000000"
    Private="false" />
  <Object
    Path="C:\Users\admin\Desktop\votetivot_9.10.2019_18.05\Logical\Libraries\asstring\Binary.lby"
    LogicalPath="Libraries.asstring"
    Type="Library"
    LastWriteTime="131194348160000000" />
  <Object
    Path="C:\Users\admin\Desktop\votetivot_9.10.2019_18.05\Logical\Libraries\asstring\asstring.fun"
    LogicalPath="Libraries.asstring.asstring.fun"
    Type="File"
    LastWriteTime="131194348160000000"
    Private="false" />
  <Object
    Path="C:\Users\admin\Desktop\votetivot_9.10.2019_18.05\Logical\Libraries\asstring\asstring.typ"
    LogicalPath="Libraries.asstring.asstring.typ"
    Type="File"
    LastWriteTime="131194348160000000"
    Private="false" />
  <Object
    Path="C:\Users\admin\Desktop\votetivot_9.10.2019_18.05\Logical\Libraries\asstring\asstring.var"
    LogicalPath="Libraries.asstring.asstring.var"
    Type="File"
    LastWriteTime="131194348160000000"
    Private="false" />
  <Object
    Path="C:\Users\admin\Desktop\votetivot_9.10.2019_18.05\Logical\Libraries\MotrContr\ANSIC.lby"
    LogicalPath="Libraries.MotrContr"
    Type="Library"
    LastWriteTime="132150022823061604" />
  <Object
    Path="C:\Users\admin\Desktop\votetivot_9.10.2019_18.05\Logical\Libraries\MotrContr\Types.typ"
    LogicalPath="Libraries.MotrContr.Types.typ"
    Type="File"
    LastWriteTime="132120832946320122"
    Private="false" />
  <Object
    Path="C:\Users\admin\Desktop\votetivot_9.10.2019_18.05\Logical\Libraries\MotrContr\Constants.var"
    LogicalPath="Libraries.MotrContr.Constants.var"
    Type="File"
    LastWriteTime="132120832946477187"
    Private="false" />
  <Object
    Path="C:\Users\admin\Desktop\votetivot_9.10.2019_18.05\Logical\Libraries\MotrContr\MotrContr.fun"
    LogicalPath="Libraries.MotrContr.MotrContr.fun"
    Type="File"
    LastWriteTime="132150167572671557"
    Private="false" />
  <Object
    Path="C:\Users\admin\Desktop\votetivot_9.10.2019_18.05\Logical\Libraries\MotrContr\FB_Motor.c"
    LogicalPath="Libraries.MotrContr.FB_Motor.c"
    Type="File"
    LastWriteTime="132150088777816322"
    Private="false" />
  <Object
    Path="C:\Users\admin\Desktop\votetivot_9.10.2019_18.05\Logical\Libraries\MotrContr\FB_Regulator.c"
    LogicalPath="Libraries.MotrContr.FB_Regulator.c"
    Type="File"
    LastWriteTime="132151043673238040"
    Private="false" />
  <Object
    Path="C:\Users\admin\Desktop\votetivot_9.10.2019_18.05\Logical\Libraries\MotrContr\FB_Integrator.c"
    LogicalPath="Libraries.MotrContr.FB_Integrator.c"
    Type="File"
    LastWriteTime="132150050211384298"
    Private="false" />
  <Object
    Path="C:\Users\admin\Desktop\votetivot_9.10.2019_18.05\Logical\Libraries\Acp10sdc\binary.lby"
    LogicalPath="Libraries.Acp10sdc"
    Type="Library"
    LastWriteTime="132149247345686015" />
  <Object
    Path="C:\Users\admin\Desktop\votetivot_9.10.2019_18.05\Logical\Libraries\Acp10sdc\acp10sdc.var"
    LogicalPath="Libraries.Acp10sdc.acp10sdc.var"
    Type="File"
    LastWriteTime="132149247345529678"
    Private="false" />
  <Object
    Path="C:\Users\admin\Desktop\votetivot_9.10.2019_18.05\Logical\Libraries\Acp10sdc\acp10sdc.typ"
    LogicalPath="Libraries.Acp10sdc.acp10sdc.typ"
    Type="File"
    LastWriteTime="132149247345529678"
    Private="false" />
  <Object
    Path="C:\Users\admin\Desktop\votetivot_9.10.2019_18.05\Logical\Libraries\Acp10man\Binary.lby"
    LogicalPath="Libraries.Acp10man"
    Type="Library"
    LastWriteTime="132149247346623005" />
  <Object
    Path="C:\Users\admin\Desktop\votetivot_9.10.2019_18.05\Logical\Libraries\Acp10man\Acp10man.typ"
    LogicalPath="Libraries.Acp10man.Acp10man.typ"
    Type="File"
    LastWriteTime="132149247346623005"
    Private="false" />
  <Object
    Path="C:\Users\admin\Desktop\votetivot_9.10.2019_18.05\Logical\Libraries\Acp10par\Binary.lby"
    LogicalPath="Libraries.Acp10par"
    Type="Library"
    LastWriteTime="132149247347404076" />
  <Object
    Path="C:\Users\admin\Desktop\votetivot_9.10.2019_18.05\Logical\Libraries\Acp10par\Acp10par.var"
    LogicalPath="Libraries.Acp10par.Acp10par.var"
    Type="File"
    LastWriteTime="132149247347404076"
    Private="false" />
  <Object
    Path="C:\Users\admin\Desktop\votetivot_9.10.2019_18.05\Logical\Libraries\NcGlobal\Binary.lby"
    LogicalPath="Libraries.NcGlobal"
    Type="Library"
    LastWriteTime="132149247347872707" />
  <Object
    Path="C:\Users\admin\Desktop\votetivot_9.10.2019_18.05\Logical\Libraries\NcGlobal\NcGlobal.fun"
    LogicalPath="Libraries.NcGlobal.NcGlobal.fun"
    Type="File"
    LastWriteTime="132149247347716494"
    Private="false" />
  <Object
    Path="C:\Users\admin\Desktop\votetivot_9.10.2019_18.05\Logical\Libraries\NcGlobal\NcGlobal.typ"
    LogicalPath="Libraries.NcGlobal.NcGlobal.typ"
    Type="File"
    LastWriteTime="132149247347716494"
    Private="false" />
  <Object
    Path="C:\Users\admin\Desktop\votetivot_9.10.2019_18.05\Logical\Libraries\NcGlobal\NcGlobal.var"
    LogicalPath="Libraries.NcGlobal.NcGlobal.var"
    Type="File"
    LastWriteTime="132149247347872707"
    Private="false" />
  <Object
    Path="C:\Users\admin\Desktop\votetivot_9.10.2019_18.05\Logical\prog1\ANSIC.prg"
    LogicalPath="prog1"
    Type="Program"
    LastWriteTime="132149960362573468" />
  <Object
    Path="C:\Users\admin\Desktop\votetivot_9.10.2019_18.05\Logical\prog1\Cyclic.c"
    LogicalPath="prog1.Cyclic.c"
    Type="File"
    LastWriteTime="132157072126308242"
    Private="false" />
  <Object
    Path="C:\Users\admin\Desktop\votetivot_9.10.2019_18.05\Logical\prog1\Init.c"
    LogicalPath="prog1.Init.c"
    Type="File"
    LastWriteTime="132157071220712777"
    Private="false" />
  <Object
    Path="C:\Users\admin\Desktop\votetivot_9.10.2019_18.05\Logical\prog1\Exit.c"
    LogicalPath="prog1.Exit.c"
    Type="File"
    LastWriteTime="132149960362573468"
    Private="false" />
  <Object
    Path="C:\Users\admin\Desktop\votetivot_9.10.2019_18.05\Logical\prog1\Types.typ"
    LogicalPath="prog1.Types.typ"
    Type="File"
    LastWriteTime="132149960362573468"
    Private="true" />
  <Object
    Path="C:\Users\admin\Desktop\votetivot_9.10.2019_18.05\Logical\prog1\Variables.var"
    LogicalPath="prog1.Variables.var"
    Type="File"
    LastWriteTime="132150022339869929"
    Private="true" />
  <Object
    Path="C:\Users\admin\Desktop\votetivot_9.10.2019_18.05\Physical\SampleText\Config.pkg"
    LogicalPath="SampleText"
    Type="Configuration.ParentUnknown"
    LastWriteTime="131194339020000000" />
  <Object
    Path="C:\Users\admin\Desktop\votetivot_9.10.2019_18.05\Physical\SampleText\Hardware.hw"
    LogicalPath="SampleText.Hardware.hw"
    Type="File"
    LastWriteTime="132157057648111011"
    Private="false" />
  <Object
    Path="C:\Users\admin\Desktop\votetivot_9.10.2019_18.05\Physical\SampleText\Hardware.hwl"
    LogicalPath="SampleText.Hardware.hwl"
    Type="File"
    LastWriteTime="131485708060000000"
    Private="false" />
  <Object
    Path="C:\Users\admin\Desktop\votetivot_9.10.2019_18.05\Physical\SampleText\4PP065_0571_P74\Cpu.pkg"
    LogicalPath="SampleText.4PP065_0571_P74"
    Type="Cpu"
    LastWriteTime="132157058165582337" />
  <Object
    Path="C:\Users\admin\Desktop\votetivot_9.10.2019_18.05\Physical\SampleText\4PP065_0571_P74\Cpu.sw"
    LogicalPath="SampleText.4PP065_0571_P74.Cpu.sw"
    Type="File"
    LastWriteTime="132151048403098867"
    Private="false" />
  <Object
    Path="C:\Users\admin\Desktop\votetivot_9.10.2019_18.05\Physical\SampleText\4PP065_0571_P74\Cpu.per"
    LogicalPath="SampleText.4PP065_0571_P74.Cpu.per"
    Type="File"
    LastWriteTime="131194339000000000"
    Private="false" />
  <Object
    Path="C:\Users\admin\Desktop\votetivot_9.10.2019_18.05\Physical\SampleText\4PP065_0571_P74\IoMap.iom"
    LogicalPath="SampleText.4PP065_0571_P74.IoMap.iom"
    Type="File"
    LastWriteTime="131485707220000000"
    Private="false" />
  <Object
    Path="C:\Users\admin\Desktop\votetivot_9.10.2019_18.05\Physical\SampleText\4PP065_0571_P74\PvMap.vvm"
    LogicalPath="SampleText.4PP065_0571_P74.PvMap.vvm"
    Type="File"
    LastWriteTime="131194339000000000"
    Private="false" />
  <Object
    Path="C:\Users\admin\Desktop\votetivot_9.10.2019_18.05\Physical\SampleText\4PP065_0571_P74\mapp\Package.pkg"
    LogicalPath="SampleText.4PP065_0571_P74.mapp"
    Type="Package"
    LastWriteTime="131194339000000000" />
  <Object
    Path="C:\Users\admin\Desktop\votetivot_9.10.2019_18.05\Physical\SampleText\4PP065_0571_P74\Connectivity\Package.pkg"
    LogicalPath="SampleText.4PP065_0571_P74.Connectivity"
    Type="Package"
    LastWriteTime="131194339000000000" />
  <Object
    Path="C:\Users\admin\Desktop\votetivot_9.10.2019_18.05\Physical\SampleText\4PP065_0571_P74\Connectivity\OpcUA\Package.pkg"
    LogicalPath="SampleText.4PP065_0571_P74.Connectivity.OpcUA"
    Type="Package"
    LastWriteTime="131194339000000000" />
  <Object
    Path="C:\Users\admin\Desktop\votetivot_9.10.2019_18.05\Physical\SampleText\4PP065_0571_P74\TextSystem\Package.pkg"
    LogicalPath="SampleText.4PP065_0571_P74.TextSystem"
    Type="Package"
    LastWriteTime="131194339000000000" />
  <Object
    Path="C:\Users\admin\Desktop\votetivot_9.10.2019_18.05\Physical\SampleText\4PP065_0571_P74\AccessAndSecurity\Package.pkg"
    LogicalPath="SampleText.4PP065_0571_P74.AccessAndSecurity"
    Type="Package"
    LastWriteTime="131194339000000000" />
  <Object
    Path="C:\Users\admin\Desktop\votetivot_9.10.2019_18.05\Physical\SampleText\4PP065_0571_P74\AccessAndSecurity\UserRoleSystem\Package.pkg"
    LogicalPath="SampleText.4PP065_0571_P74.AccessAndSecurity.UserRoleSystem"
    Type="Package"
    LastWriteTime="131194339000000000" />
  <Object
    Path="C:\Users\admin\Desktop\votetivot_9.10.2019_18.05\Physical\SampleText\4PP065_0571_P74\AccessAndSecurity\UserRoleSystem\Role.role"
    LogicalPath="SampleText.4PP065_0571_P74.AccessAndSecurity.UserRoleSystem.Role.role"
    Type="File"
    LastWriteTime="131194339000000000"
    Private="false" />
  <Object
    Path="C:\Users\admin\Desktop\votetivot_9.10.2019_18.05\Physical\SampleText\4PP065_0571_P74\AccessAndSecurity\UserRoleSystem\User.user"
    LogicalPath="SampleText.4PP065_0571_P74.AccessAndSecurity.UserRoleSystem.User.user"
    Type="File"
    LastWriteTime="131194339000000000"
    Private="false" />
  <Object
    Path="C:\Users\admin\Desktop\votetivot_9.10.2019_18.05\Physical\SampleText\4PP065_0571_P74\AccessAndSecurity\CertificateStore\Package.pkg"
    LogicalPath="SampleText.4PP065_0571_P74.AccessAndSecurity.CertificateStore"
    Type="Package"
    LastWriteTime="131194339000000000" />
  <Object
    Path="C:\Users\admin\Desktop\votetivot_9.10.2019_18.05\Physical\SampleText\4PP065_0571_P74\AccessAndSecurity\CertificateStore\OwnCertificates\Package.pkg"
    LogicalPath="SampleText.4PP065_0571_P74.AccessAndSecurity.CertificateStore.OwnCertificates"
    Type="Package"
    LastWriteTime="131194339000000000" />
  <Object
    Path="C:\Users\admin\Desktop\votetivot_9.10.2019_18.05\Physical\SampleText\4PP065_0571_P74\AccessAndSecurity\CertificateStore\OwnCertificates\Certificates\Package.pkg"
    LogicalPath="SampleText.4PP065_0571_P74.AccessAndSecurity.CertificateStore.OwnCertificates.Certificates"
    Type="Package"
    LastWriteTime="131194339000000000" />
  <Object
    Path="C:\Users\admin\Desktop\votetivot_9.10.2019_18.05\Physical\SampleText\4PP065_0571_P74\AccessAndSecurity\CertificateStore\OwnCertificates\PrivateKeys\Package.pkg"
    LogicalPath="SampleText.4PP065_0571_P74.AccessAndSecurity.CertificateStore.OwnCertificates.PrivateKeys"
    Type="Package"
    LastWriteTime="131194339000000000" />
  <Object
    Path="C:\Users\admin\Desktop\votetivot_9.10.2019_18.05\Physical\SampleText\4PP065_0571_P74\AccessAndSecurity\CertificateStore\ThirdPartyCertificates\Package.pkg"
    LogicalPath="SampleText.4PP065_0571_P74.AccessAndSecurity.CertificateStore.ThirdPartyCertificates"
    Type="Package"
    LastWriteTime="131194339000000000" />
  <Object
    Path="C:\Users\admin\Desktop\votetivot_9.10.2019_18.05\Physical\SampleText\4PP065_0571_P74\AccessAndSecurity\CertificateStore\ThirdPartyCertificates\SoftwareCertificates\Package.pkg"
    LogicalPath="SampleText.4PP065_0571_P74.AccessAndSecurity.CertificateStore.ThirdPartyCertificates.SoftwareCertificates"
    Type="Package"
    LastWriteTime="131194339000000000" />
  <Object
    Path="C:\Users\admin\Desktop\votetivot_9.10.2019_18.05\Physical\SampleText\4PP065_0571_P74\AccessAndSecurity\CertificateStore\CertificateRevocationLists\Package.pkg"
    LogicalPath="SampleText.4PP065_0571_P74.AccessAndSecurity.CertificateStore.CertificateRevocationLists"
    Type="Package"
    LastWriteTime="131194339000000000" />
  <Object
    Path="C:\Users\admin\Desktop\votetivot_9.10.2019_18.05\Physical\SampleText\4PP065_0571_P74\AccessAndSecurity\CertificateStore\CertificateSigningRequests\Package.pkg"
    LogicalPath="SampleText.4PP065_0571_P74.AccessAndSecurity.CertificateStore.CertificateSigningRequests"
    Type="Package"
    LastWriteTime="131194339000000000" />
  <Object
    Path="C:\Users\admin\Desktop\votetivot_9.10.2019_18.05\Physical\SampleText\4PP065_0571_P74\AccessAndSecurity\TransportLayerSecurity\Package.pkg"
    LogicalPath="SampleText.4PP065_0571_P74.AccessAndSecurity.TransportLayerSecurity"
    Type="Package"
    LastWriteTime="131194339000000000" />
  <Object
    Path="C:\Users\admin\Desktop\votetivot_9.10.2019_18.05\Physical\SampleText\4PP065_0571_P74\Motion\Package.pkg"
    LogicalPath="SampleText.4PP065_0571_P74.Motion"
    Type="Package"
    LastWriteTime="132149247441756867" />
  <Object
    Path="C:\Users\admin\Desktop\votetivot_9.10.2019_18.05\Physical\SampleText\4PP065_0571_P74\Motion\Acp10cfg.ncc"
    LogicalPath="SampleText.4PP065_0571_P74.Motion.Acp10cfg.ncc"
    Type="File"
    LastWriteTime="132149247436601822"
    Private="false" />
  <Object
    Path="C:\Users\admin\Desktop\votetivot_9.10.2019_18.05\Physical\SampleText\4PP065_0571_P74\Motion\Acp10map.ncm"
    LogicalPath="SampleText.4PP065_0571_P74.Motion.Acp10map.ncm"
    Type="File"
    LastWriteTime="132149247439413958"
    Private="false" />
  <Object
    Path="C:\Users\admin\Desktop\votetivot_9.10.2019_18.05\Physical\SampleText\4PP065_0571_P74\Motion\Acp10sys.br"
    LogicalPath="SampleText.4PP065_0571_P74.Motion.Acp10sys.br"
    Type="File"
    LastWriteTime="132149247442537927"
    Private="false" />
  <Object
    Path="C:\Users\admin\Desktop\votetivot_9.10.2019_18.05\Physical\SampleText\Hardware.jpg"
    LogicalPath="SampleText.Hardware.jpg"
    Type="File"
    LastWriteTime="131485708060000000"
    Private="false" />
</Objects>